alehyen tlaxha gwagwexhmes
amusen tlaxh gada keh'gesix
axhw'suli'yida tl'utl'ep'imas
emeh'gen kh'es'eneh'x
emlhaxda'xhwtles
exh'ehxhsden tlaxh tl'ubekwa'
exh'studa'sa paghwayu laxha yelkwa
badadzudalen tlaxh gada kwenikwehx
bensa'men
bo'ttseni da gigeghemeh'
dadule'wap'i da gengenanem
dak'uteluxh da gighemaya xhus tl'ekhwaxh
dax'i da xhwa kw'a'staxh
dax'ida xha ts'ulha ghelyayu
da'lhelas
da'lhelatlenu'xhw
da'lhelaxda'xhwuxh
da'lhelaxdenu'xhw
da'lheli da wi'yughwemala
densdenxh'inuxhwuxh da he'yalhaxh
denxhelatlen'sa xhwa ghanutlehxh
denxhelaxda'xhwdes
denxhelaxda'xhwtles
denxhelen
denxheli da ts'ats'adaghem
dexwaxda'xhwes
didegegen tlaxhwa hi'me'ats'ehxh
digel'dzuden ebempa xha tehbel
dudakhowen dlu'wen ghehlha k'i's dughwelh
duk'Ì±wela'maseh xha ke'abudats'i?
dukhwela'maseh xha 'wats'i kh'aka xha xhakh?
dukhwela'masi xha p'ip'a'dlamnukw?
dlaxhwegiweh'yi da gighemeh'
dzelwenu'dzeh 'yen 'wats'ehxh gaxhen
dzelxwaxden's
dzelxwen
dzikanu'xhw
eh. ghe'axhstala'emxden.
eh. la'emtlenu'xh kitlalh xhwa 'nalaxh
gaguna'men tlaxha ts'edakh
gelgelilheli da ts'ats'adaghem
gelsgeltsisuxh da khwakhw'anixh
gel'nakweli da wi'yughwemala
gensida gi'gukwdzi?
gi'xhala xhwa ememlemxh
gi'xhuxh da ts'ats'adaghema xhus em'emlemxh
ghelkenu'xhw
ghelkhatlenu'xhw
ghelkhaxdenu'xhw
ghelsaxda'xhwtles
ghelsaxda'xhwtluxh
ghwastalatsa demsxehxh
gwexhts'u da'ts diyeh' laxhwa kw'a'staxh
gwoxwsemts'ola laxuxh da abelsehxh
gha'gustowi Hehlehnaxh lhens'welh
ghelsaxda'xhwuxh
ghelsen tlaxhen ts'emts'emxts'aneh'xh
ghels'i da xhwa k'ate'makwehxh
ghila's
ghila's e'ehde'akhaxh
ghwelxsemk'enaluxh da babagwemxh
hadzaxhts'owuxh da kaxhelaghaxh
hawaxhelaxda'xhwes
hawa'sewakw la xuxhda ma'maxh
hawa'xhelaxda'xhwtluxh
hawa'xh'alaxda'xhwduxh
ha'miksilatles
ha'miksilaxda'xhwduxh
ha'miksilaxden's
ha'miksilaxda'xhwes
hebests'owi da busi
hemkhw'esuxh da babagwemxh
hemtelasu'naxw'ida gengenanem
he'nisi xwakw'enehsa 'Nemghis
he'mapen tlaxhwa kelehbesehxh
heh'laghwigili, niken tlaxhen xhwenukw
heh'staliselax'idi kh'anikhi'lakw
hilhkh'ulemida genanem khes'leh laxha kelwilas
hilh'ida xha suba'yu
hulhemalida kw'akw'ax'semgila
hughwitli da gengenanem le'eh 'yugwex'da
humowen tlaxh gada bukwehx
hutlilen tlaxh gen denxhts'e'wakwehx
ik kena'lhida kh'engexhtola
ikida da'as khe'ehda khw'elskhw'el'yakw
iksukwes xhwa ghanutlehxh
ikuxh da 'nalaxh
ixkh'eselala xhis ma'yudlemxdemus
ixkh'eselen'saxha nekhaxh'enxhila
ixts'emalatlala tlida ghwilhghwehla
ix'aken khen ts'epeh' sa k'awas dlu kwu'si
ix'aken tlaxha bigen dlu'wa ts'igwenu
ix'ak'masi xha i'xp'e'omas?
i's'ikeli da i'axhela laxhenu'xh kwa'las
i'xbuxh da kh'enayuxh
kakilhtsilaxda'xhwi da he'yalh'a
kelxwatlen kha'ehda begwanema'
kelhela'mas khe'oxh da dzunukhw'axh?
ke'abuda xhuxh da k'utelaxh
khendze'nakwelalaga' xhuxh da katesehxh
kh'a'selala's xhuxhda begwanemehxh
kh'elsola'mas?
kh'ep'eh'yen tlaxha 'mumt'ani
kh'inemida 'mem'wehla
khw'elis'em tl'a'yunaxhw'ida xats'e'ehs
kwakw'ale'ehnuxhw'mas?
kwex'alilhuxh da genanembidu'xh
k'ak'adexwsilala's xhwa bu'kwehxh
k'ak'edexwsilaxdes
k'ak'exhwsemen tlexh gada kwu'sehx
k'edelxh'iden leh'x dlaxhw'ida
k'epen tlaxh gen ts'emts'emxts'anehx
k'ilakasu'wida begwanem
k'i'sen kh'otlela'
k'i'sen 'nemp'ena dukhwala xha k'e'ak'idexhtlehla
kw'a'dzo'yuxh da wi'yughwemala xhwa ma'mixh
khendzayu gada
khw'akhw'esoluxh da gengenanemehxh

